QA output created by 709
Comparing user usage
Comparing group usage
