QA output created by 710
swapext: Disk quota exceeded
Comparing user usage
Comparing group usage
