QA output created by 739
Format and populate
Fuzz rtbitmap
Done fuzzing rtbitmap
