QA output created by 740
Format and populate
Fuzz rtsummary
Done fuzzing rtsummary
