QA output created by 741
Format and populate
Fuzz rtbitmap
Done fuzzing rtbitmap
