QA output created by 742
Format and populate
Fuzz rtsummary
Done fuzzing rtsummary
