QA output created by 743
Format and populate
Fuzz rtbitmap
Done fuzzing rtbitmap
