QA output created by 744
Format and populate
Fuzz rtsummary
Done fuzzing rtsummary
