QA output created by 745
Format and populate
Fuzz rtbitmap
Done fuzzing rtbitmap
