QA output created by 746
Format and populate
Fuzz rtsummary
Done fuzzing rtsummary
