QA output created by 747
Format and populate
Fuzz superblock
Done fuzzing superblock
