QA output created by 748
Format and populate
Fuzz AGF
Done fuzzing AGF
