QA output created by 750
Format and populate
Fuzz AGI
Done fuzzing AGI
