QA output created by 751
Format and populate
Fuzz bnobt recs
Done fuzzing bnobt recs
