QA output created by 752
Format and populate
Fuzz bnobt keyptr
Done fuzzing bnobt keyptr
