QA output created by 753
Format and populate
Fuzz cntbt
Done fuzzing cntbt
