QA output created by 754
Format and populate
Fuzz inobt
Done fuzzing inobt
