QA output created by 755
Format and populate
Fuzz finobt
Done fuzzing finobt
