QA output created by 756
Format and populate
Fuzz rmapbt recs
Done fuzzing rmapbt recs
