QA output created by 757
Format and populate
Fuzz rmapbt keyptr
Done fuzzing rmapbt keyptr
