QA output created by 758
Format and populate
Fuzz refcountbt
Done fuzzing refcountbt
