QA output created by 759
Format and populate
Find btree-format dir inode
Fuzz inode
Done fuzzing inode
