QA output created by 760
Format and populate
Find extents-format file inode
Fuzz inode
Done fuzzing inode
