QA output created by 761
Format and populate
Find btree-format file inode
Fuzz inode
Done fuzzing inode
