QA output created by 762
Format and populate
Find bmbt block
Fuzz bmbt
Done fuzzing bmbt
