QA output created by 763
Format and populate
Find symlink remote block
Fuzz symlink remote block
Done fuzzing symlink remote block
