QA output created by 765
Format and populate
Find data-format dir block
Fuzz data-format dir block
Done fuzzing data-format dir block
