QA output created by 770
Format and populate
Find freeindex-format dir block
Fuzz freeindex-format dir block
Done fuzzing freeindex-format dir block
