QA output created by 774
Format and populate
Find external attr block
Fuzz external attr block
Done fuzzing external attr block
