QA output created by 775
Format and populate
Fuzz refcountbt
Done fuzzing refcountbt
