QA output created by 776
Format and populate
Find btree-format attr inode
Fuzz inode
Done fuzzing inode
