QA output created by 777
Format and populate
Find blockdev inode
Fuzz inode
Done fuzzing inode
