QA output created by 780
Format and populate
Fuzz group 0 dquot
Done fuzzing dquot
