QA output created by 782
Format and populate
Find single-leafn-format dir block
Fuzz single-leafn-format dir block
Done fuzzing single-leafn-format dir block
