QA output created by 785
Format and populate
Fuzz inobt
Done fuzzing inobt
