QA output created by 786
Format and populate
Fuzz inobt
Done fuzzing inobt
