QA output created by 787
Format and populate
Fuzz inobt
Done fuzzing inobt
