QA output created by 788
Format and populate
Fuzz inobt
Done fuzzing inobt
