QA output created by 789
af5c6e2d6c297f3139a4e99df396c072  TEST_DIR/test-789/a
fba5c83875b2ab054e06a0284346ebdf  TEST_DIR/test-789/b
40c08c6f2aca19bb0d2cf1dbd8bc1b1c  TEST_DIR/test-789/c
81615449a98aaaad8dc179b3bec87f38  TEST_DIR/test-789/d
swap
fba5c83875b2ab054e06a0284346ebdf  TEST_DIR/test-789/a
af5c6e2d6c297f3139a4e99df396c072  TEST_DIR/test-789/b
fail swap
swapext: Bad address
40c08c6f2aca19bb0d2cf1dbd8bc1b1c  TEST_DIR/test-789/c
81615449a98aaaad8dc179b3bec87f38  TEST_DIR/test-789/d
