QA output created by 795
ln: failed to create hard link 'SCRATCH_MNT/dir/yXXX': Disk quota exceeded
Silence is golden
